Archive member included to satisfy reference by file (symbol)

lib\mega2.X.a(csma.o)         build/ATmega16A/production/src/configuration.o (csmaloadConfig)
lib\mega2.X.a(eeprom.o)       build/ATmega16A/production/src/configuration.o (eepromWriteBuf)
lib\mega2.X.a(system.o)       build/ATmega16A/production/src/DisplayQueue.o (sysSetPeriodMS)
lib\mega2.X.a(tone.o)         build/ATmega16A/production/src/userSystem.o (isTonePlaying)
lib\mega2.X.a(usart.o)        lib\mega2.X.a(csma.o) (usart0PutByte)
lib\mega2.X.a(utility.o)      lib\mega2.X.a(csma.o) (map)
lib\mega2.X.a(mega.o)         C:/Program Files/Microchip/MPLABX/v6.05/packs/Microchip/ATmega_DFP/3.0.158/gcc/dev/atmega16a/avr5/crtatmega16a.o (main)
f:/embbeded system/mplab/avr8-gnu-toolchain-win32_x86/bin/../lib/gcc/avr/5.4.0/avr5\libgcc.a(_udivmodqi4.o)
                              lib\mega2.X.a(utility.o) (__udivmodqi4)
f:/embbeded system/mplab/avr8-gnu-toolchain-win32_x86/bin/../lib/gcc/avr/5.4.0/avr5\libgcc.a(_divmodhi4.o)
                              lib\mega2.X.a(utility.o) (__divmodhi4)
f:/embbeded system/mplab/avr8-gnu-toolchain-win32_x86/bin/../lib/gcc/avr/5.4.0/avr5\libgcc.a(_udivmodsi4.o)
                              lib\mega2.X.a(csma.o) (__udivmodsi4)
f:/embbeded system/mplab/avr8-gnu-toolchain-win32_x86/bin/../lib/gcc/avr/5.4.0/avr5\libgcc.a(_exit.o)
                              C:/Program Files/Microchip/MPLABX/v6.05/packs/Microchip/ATmega_DFP/3.0.158/gcc/dev/atmega16a/avr5/crtatmega16a.o (exit)
f:/embbeded system/mplab/avr8-gnu-toolchain-win32_x86/bin/../lib/gcc/avr/5.4.0/avr5\libgcc.a(_tablejump2.o)
                              build/ATmega16A/production/src/userSystem.o (__tablejump2__)
f:/embbeded system/mplab/avr8-gnu-toolchain-win32_x86/bin/../lib/gcc/avr/5.4.0/avr5\libgcc.a(_clear_bss.o)
                              build/ATmega16A/production/src/userSystem.o (__do_clear_bss)
f:/embbeded system/mplab/avr8-gnu-toolchain-win32_x86/bin/../lib/gcc/avr/5.4.0/avr5\libgcc.a(_umulhisi3.o)
                              build/ATmega16A/production/src/configuration.o (__umulhisi3)
f:/embbeded system/mplab/avr8-gnu-toolchain-win32_x86/bin/../lib/gcc/avr/5.4.0/avr5\libgcc.a(_muluhisi3.o)
                              lib\mega2.X.a(system.o) (__muluhisi3)
f:/embbeded system/mplab/avr8-gnu-toolchain-win32_x86/bin/../lib/gcc/avr/5.4.0/avr5\libgcc.a(_mulshisi3.o)
                              lib\mega2.X.a(utility.o) (__mulshisi3)
f:/embbeded system/mplab/avr8-gnu-toolchain-win32_x86/bin/../lib/gcc/avr/5.4.0/avr5\libgcc.a(_udivmodhi4.o)
                              f:/embbeded system/mplab/avr8-gnu-toolchain-win32_x86/bin/../lib/gcc/avr/5.4.0/avr5\libgcc.a(_divmodhi4.o) (__udivmodhi4)
f:/embbeded system/mplab/avr8-gnu-toolchain-win32_x86/bin/../lib/gcc/avr/5.4.0/../../../../avr/lib/avr5\libc.a(random.o)
                              lib\mega2.X.a(csma.o) (random)
f:/embbeded system/mplab/avr8-gnu-toolchain-win32_x86/bin/../lib/gcc/avr/5.4.0/../../../../avr/lib/avr5\libc.a(memcpy_P.o)
                              lib\mega2.X.a(utility.o) (memcpy_P)
f:/embbeded system/mplab/avr8-gnu-toolchain-win32_x86/bin/../lib/gcc/avr/5.4.0/../../../../avr/lib/avr5\libc.a(strlen_P.o)
                              lib\mega2.X.a(utility.o) (__strlen_P)
f:/embbeded system/mplab/avr8-gnu-toolchain-win32_x86/bin/../lib/gcc/avr/5.4.0/avr5\libgcc.a(_divmodsi4.o)
                              f:/embbeded system/mplab/avr8-gnu-toolchain-win32_x86/bin/../lib/gcc/avr/5.4.0/../../../../avr/lib/avr5\libc.a(random.o) (__divmodsi4)
f:/embbeded system/mplab/avr8-gnu-toolchain-win32_x86/bin/../lib/gcc/avr/5.4.0/avr5\libgcc.a(_negsi2.o)
                              f:/embbeded system/mplab/avr8-gnu-toolchain-win32_x86/bin/../lib/gcc/avr/5.4.0/avr5\libgcc.a(_divmodsi4.o) (__negsi2)
f:/embbeded system/mplab/avr8-gnu-toolchain-win32_x86/bin/../lib/gcc/avr/5.4.0/avr5\libgcc.a(_copy_data.o)
                              f:/embbeded system/mplab/avr8-gnu-toolchain-win32_x86/bin/../lib/gcc/avr/5.4.0/../../../../avr/lib/avr5\libc.a(random.o) (__do_copy_data)

Allocating common symbols
Common symbol       size              file

gpu8data            0x2               lib\mega2.X.a(eeprom.o)
gu16address         0x2               lib\mega2.X.a(eeprom.o)
gu8RW               0x1               lib\mega2.X.a(eeprom.o)
gu8size             0x1               lib\mega2.X.a(eeprom.o)
gstEepromTimeOut    0x4               lib\mega2.X.a(eeprom.o)
gu8DataIndex        0x1               lib\mega2.X.a(eeprom.o)
gu8State            0x1               lib\mega2.X.a(eeprom.o)

Discarded input sections

 .data          0x00000000        0x0 C:/Program Files/Microchip/MPLABX/v6.05/packs/Microchip/ATmega_DFP/3.0.158/gcc/dev/atmega16a/avr5/crtatmega16a.o
 .bss           0x00000000        0x0 C:/Program Files/Microchip/MPLABX/v6.05/packs/Microchip/ATmega_DFP/3.0.158/gcc/dev/atmega16a/avr5/crtatmega16a.o
 .text          0x00000000        0x0 build/ATmega16A/production/src/app.o
 .data          0x00000000        0x0 build/ATmega16A/production/src/app.o
 .bss           0x00000000        0x0 build/ATmega16A/production/src/app.o
 .text          0x00000000        0x0 build/ATmega16A/production/src/userSystem.o
 .data          0x00000000        0x0 build/ATmega16A/production/src/userSystem.o
 .bss           0x00000000        0x0 build/ATmega16A/production/src/userSystem.o
 .text          0x00000000        0x0 build/ATmega16A/production/src/configuration.o
 .data          0x00000000        0x0 build/ATmega16A/production/src/configuration.o
 .bss           0x00000000        0x0 build/ATmega16A/production/src/configuration.o
 .text          0x00000000        0x0 build/ATmega16A/production/src/network.o
 .data          0x00000000        0x0 build/ATmega16A/production/src/network.o
 .bss           0x00000000        0x0 build/ATmega16A/production/src/network.o
 .text          0x00000000        0x0 build/ATmega16A/production/src/DisplayQueue.o
 .data          0x00000000        0x0 build/ATmega16A/production/src/DisplayQueue.o
 .bss           0x00000000        0x0 build/ATmega16A/production/src/DisplayQueue.o
 .text.SystemIcrementQueueIndex
                0x00000000        0xc build/ATmega16A/production/src/DisplayQueue.o
 .text.getQueuestate
                0x00000000        0x6 build/ATmega16A/production/src/DisplayQueue.o
 .text.updateWithNewRequest
                0x00000000       0x1a build/ATmega16A/production/src/DisplayQueue.o
 .text          0x00000000        0x0 build/ATmega16A/production/src/Requests.o
 .data          0x00000000        0x0 build/ATmega16A/production/src/Requests.o
 .bss           0x00000000        0x0 build/ATmega16A/production/src/Requests.o
 .text.RoomGetConfigReq
                0x00000000       0x38 build/ATmega16A/production/src/Requests.o
 .text.PowerOnRequest
                0x00000000       0x38 build/ATmega16A/production/src/Requests.o
 .text          0x00000000        0x0 build/ATmega16A/production/src/PowerOn.o
 .data          0x00000000        0x0 build/ATmega16A/production/src/PowerOn.o
 .bss           0x00000000        0x0 build/ATmega16A/production/src/PowerOn.o
 .text.PowerOnCallBack
                0x00000000       0xaa build/ATmega16A/production/src/PowerOn.o
 .bss.gstPowerOnTimeOutData
                0x00000000        0x4 build/ATmega16A/production/src/PowerOn.o
 .bss.gstPowerOnTimeOutConfig
                0x00000000        0x4 build/ATmega16A/production/src/PowerOn.o
 .text          0x00000000        0x0 build/ATmega16A/production/src/userSystem2.o
 .data          0x00000000        0x0 build/ATmega16A/production/src/userSystem2.o
 .bss           0x00000000        0x0 build/ATmega16A/production/src/userSystem2.o
 .text          0x00000000        0x0 lib\mega2.X.a(csma.o)
 .data          0x00000000        0x0 lib\mega2.X.a(csma.o)
 .bss           0x00000000        0x0 lib\mega2.X.a(csma.o)
 .text.sendBlockFrame
                0x00000000       0x20 lib\mega2.X.a(csma.o)
 .text.csmaGetStationAddress
                0x00000000        0x6 lib\mega2.X.a(csma.o)
 .text.csmaInitStationAddress
                0x00000000        0x6 lib\mega2.X.a(csma.o)
 .text          0x00000000        0x0 lib\mega2.X.a(eeprom.o)
 .data          0x00000000        0x0 lib\mega2.X.a(eeprom.o)
 .bss           0x00000000        0x0 lib\mega2.X.a(eeprom.o)
 .text.eepromRequestByte
                0x00000000       0x40 lib\mega2.X.a(eeprom.o)
 .text          0x00000000        0x0 lib\mega2.X.a(system.o)
 .data          0x00000000        0x0 lib\mega2.X.a(system.o)
 .bss           0x00000000        0x0 lib\mega2.X.a(system.o)
 .text.stopHwTimer0
                0x00000000        0xa lib\mega2.X.a(system.o)
 .text.systemSleep
                0x00000000       0x18 lib\mega2.X.a(system.o)
 .text.sysUpdateNow
                0x00000000       0x2a lib\mega2.X.a(system.o)
 .text.systemSecondEvent
                0x00000000       0x14 lib\mega2.X.a(system.o)
 .text.ClearsystemSecondEvent
                0x00000000        0x8 lib\mega2.X.a(system.o)
 .text.sysTimerInitMS
                0x00000000       0x9c lib\mega2.X.a(system.o)
 .text.sysTimerResetMS
                0x00000000       0x44 lib\mega2.X.a(system.o)
 .text.sysTimerCheckMs
                0x00000000       0x8c lib\mega2.X.a(system.o)
 .text.systemMicros
                0x00000000       0x4c lib\mega2.X.a(system.o)
 .text.sysSetPeriodUs
                0x00000000       0x34 lib\mega2.X.a(system.o)
 .text.sysTimerInitUs
                0x00000000       0x9c lib\mega2.X.a(system.o)
 .text.sysIsTimeoutUs
                0x00000000       0x4c lib\mega2.X.a(system.o)
 .text.sysTimerResetUS
                0x00000000       0x44 lib\mega2.X.a(system.o)
 .text.sysTimerCheckUs
                0x00000000       0x8c lib\mega2.X.a(system.o)
 .text.systemNow
                0x00000000       0x18 lib\mega2.X.a(system.o)
 .text.sysSetPeriodS
                0x00000000       0x34 lib\mega2.X.a(system.o)
 .text.sysTimerInitS
                0x00000000       0x7c lib\mega2.X.a(system.o)
 .text.sysIsTimeoutS
                0x00000000       0x34 lib\mega2.X.a(system.o)
 .text.sysTimerResetS
                0x00000000       0x44 lib\mega2.X.a(system.o)
 .text.sysTimerCheckS
                0x00000000       0x7a lib\mega2.X.a(system.o)
 .text.systemReadHalfSecond
                0x00000000        0xc lib\mega2.X.a(system.o)
 .text.__delay_ms
                0x00000000       0x30 lib\mega2.X.a(system.o)
 .text.__delay_us
                0x00000000       0x30 lib\mega2.X.a(system.o)
 .text          0x00000000        0x0 lib\mega2.X.a(tone.o)
 .data          0x00000000        0x0 lib\mega2.X.a(tone.o)
 .bss           0x00000000        0x0 lib\mega2.X.a(tone.o)
 .text          0x00000000        0x0 lib\mega2.X.a(usart.o)
 .data          0x00000000        0x0 lib\mega2.X.a(usart.o)
 .bss           0x00000000        0x0 lib\mega2.X.a(usart.o)
 .text          0x00000000        0x0 lib\mega2.X.a(utility.o)
 .data          0x00000000        0x0 lib\mega2.X.a(utility.o)
 .bss           0x00000000        0x0 lib\mega2.X.a(utility.o)
 .text.u8Decoder
                0x00000000       0x2a lib\mega2.X.a(utility.o)
 .text.hex8TOASII
                0x00000000       0x24 lib\mega2.X.a(utility.o)
 .text.cpyStringToBuff
                0x00000000       0x16 lib\mega2.X.a(utility.o)
 .text.scllormessage
                0x00000000       0x72 lib\mega2.X.a(utility.o)
 .text.DecToBcdFun
                0x00000000       0x14 lib\mega2.X.a(utility.o)
 .text.BcdToDecFun
                0x00000000       0x12 lib\mega2.X.a(utility.o)
 .text.conv2d   0x00000000       0x1a lib\mega2.X.a(utility.o)
 .text.print2d  0x00000000       0x16 lib\mega2.X.a(utility.o)
 .text.print3d  0x00000000       0x2e lib\mega2.X.a(utility.o)
 .text.ResetScollMessage
                0x00000000        0x6 lib\mega2.X.a(utility.o)
 .text.u16TOASII
                0x00000000       0x8c lib\mega2.X.a(utility.o)
 .text.u8TOASII
                0x00000000       0x8e lib\mega2.X.a(utility.o)
 .text.Edit2Digit
                0x00000000       0x4c lib\mega2.X.a(utility.o)
 .text.u32TOASII
                0x00000000       0x8a lib\mega2.X.a(utility.o)
 .text.PrintMessage
                0x00000000       0x4c lib\mega2.X.a(utility.o)
 .text.arraytoU8
                0x00000000       0x3c lib\mega2.X.a(utility.o)
 .text.arraytoU16
                0x00000000       0x3c lib\mega2.X.a(utility.o)
 .text.u8ToBCD  0x00000000       0x3e lib\mega2.X.a(utility.o)
 .text.u16ToBCD
                0x00000000       0x48 lib\mega2.X.a(utility.o)
 .bss.position  0x00000000        0x1 lib\mega2.X.a(utility.o)
 .text          0x00000000        0x0 lib\mega2.X.a(mega.o)
 .data          0x00000000        0x0 lib\mega2.X.a(mega.o)
 .bss           0x00000000        0x0 lib\mega2.X.a(mega.o)
 .text          0x00000000        0x0 f:/embbeded system/mplab/avr8-gnu-toolchain-win32_x86/bin/../lib/gcc/avr/5.4.0/avr5\libgcc.a(_udivmodqi4.o)
 .data          0x00000000        0x0 f:/embbeded system/mplab/avr8-gnu-toolchain-win32_x86/bin/../lib/gcc/avr/5.4.0/avr5\libgcc.a(_udivmodqi4.o)
 .bss           0x00000000        0x0 f:/embbeded system/mplab/avr8-gnu-toolchain-win32_x86/bin/../lib/gcc/avr/5.4.0/avr5\libgcc.a(_udivmodqi4.o)
 .text.libgcc.mul
                0x00000000        0x0 f:/embbeded system/mplab/avr8-gnu-toolchain-win32_x86/bin/../lib/gcc/avr/5.4.0/avr5\libgcc.a(_udivmodqi4.o)
 .text.libgcc.div
                0x00000000       0x18 f:/embbeded system/mplab/avr8-gnu-toolchain-win32_x86/bin/../lib/gcc/avr/5.4.0/avr5\libgcc.a(_udivmodqi4.o)
 .text.libgcc   0x00000000        0x0 f:/embbeded system/mplab/avr8-gnu-toolchain-win32_x86/bin/../lib/gcc/avr/5.4.0/avr5\libgcc.a(_udivmodqi4.o)
 .text.libgcc.prologue
                0x00000000        0x0 f:/embbeded system/mplab/avr8-gnu-toolchain-win32_x86/bin/../lib/gcc/avr/5.4.0/avr5\libgcc.a(_udivmodqi4.o)
 .text.libgcc.builtins
                0x00000000        0x0 f:/embbeded system/mplab/avr8-gnu-toolchain-win32_x86/bin/../lib/gcc/avr/5.4.0/avr5\libgcc.a(_udivmodqi4.o)
 .text.libgcc.fmul
                0x00000000        0x0 f:/embbeded system/mplab/avr8-gnu-toolchain-win32_x86/bin/../lib/gcc/avr/5.4.0/avr5\libgcc.a(_udivmodqi4.o)
 .text.libgcc.fixed
                0x00000000        0x0 f:/embbeded system/mplab/avr8-gnu-toolchain-win32_x86/bin/../lib/gcc/avr/5.4.0/avr5\libgcc.a(_udivmodqi4.o)
 .text          0x00000000        0x0 f:/embbeded system/mplab/avr8-gnu-toolchain-win32_x86/bin/../lib/gcc/avr/5.4.0/avr5\libgcc.a(_divmodhi4.o)
 .data          0x00000000        0x0 f:/embbeded system/mplab/avr8-gnu-toolchain-win32_x86/bin/../lib/gcc/avr/5.4.0/avr5\libgcc.a(_divmodhi4.o)
 .bss           0x00000000        0x0 f:/embbeded system/mplab/avr8-gnu-toolchain-win32_x86/bin/../lib/gcc/avr/5.4.0/avr5\libgcc.a(_divmodhi4.o)
 .text.libgcc.mul
                0x00000000        0x0 f:/embbeded system/mplab/avr8-gnu-toolchain-win32_x86/bin/../lib/gcc/avr/5.4.0/avr5\libgcc.a(_divmodhi4.o)
 .text.libgcc.div
                0x00000000       0x28 f:/embbeded system/mplab/avr8-gnu-toolchain-win32_x86/bin/../lib/gcc/avr/5.4.0/avr5\libgcc.a(_divmodhi4.o)
 .text.libgcc   0x00000000        0x0 f:/embbeded system/mplab/avr8-gnu-toolchain-win32_x86/bin/../lib/gcc/avr/5.4.0/avr5\libgcc.a(_divmodhi4.o)
 .text.libgcc.prologue
                0x00000000        0x0 f:/embbeded system/mplab/avr8-gnu-toolchain-win32_x86/bin/../lib/gcc/avr/5.4.0/avr5\libgcc.a(_divmodhi4.o)
 .text.libgcc.builtins
                0x00000000        0x0 f:/embbeded system/mplab/avr8-gnu-toolchain-win32_x86/bin/../lib/gcc/avr/5.4.0/avr5\libgcc.a(_divmodhi4.o)
 .text.libgcc.fmul
                0x00000000        0x0 f:/embbeded system/mplab/avr8-gnu-toolchain-win32_x86/bin/../lib/gcc/avr/5.4.0/avr5\libgcc.a(_divmodhi4.o)
 .text.libgcc.fixed
                0x00000000        0x0 f:/embbeded system/mplab/avr8-gnu-toolchain-win32_x86/bin/../lib/gcc/avr/5.4.0/avr5\libgcc.a(_divmodhi4.o)
 .text          0x00000000        0x0 f:/embbeded system/mplab/avr8-gnu-toolchain-win32_x86/bin/../lib/gcc/avr/5.4.0/avr5\libgcc.a(_udivmodsi4.o)
 .data          0x00000000        0x0 f:/embbeded system/mplab/avr8-gnu-toolchain-win32_x86/bin/../lib/gcc/avr/5.4.0/avr5\libgcc.a(_udivmodsi4.o)
 .bss           0x00000000        0x0 f:/embbeded system/mplab/avr8-gnu-toolchain-win32_x86/bin/../lib/gcc/avr/5.4.0/avr5\libgcc.a(_udivmodsi4.o)
 .text.libgcc.mul
                0x00000000        0x0 f:/embbeded system/mplab/avr8-gnu-toolchain-win32_x86/bin/../lib/gcc/avr/5.4.0/avr5\libgcc.a(_udivmodsi4.o)
 .text.libgcc   0x00000000        0x0 f:/embbeded system/mplab/avr8-gnu-toolchain-win32_x86/bin/../lib/gcc/avr/5.4.0/avr5\libgcc.a(_udivmodsi4.o)
 .text.libgcc.prologue
                0x00000000        0x0 f:/embbeded system/mplab/avr8-gnu-toolchain-win32_x86/bin/../lib/gcc/avr/5.4.0/avr5\libgcc.a(_udivmodsi4.o)
 .text.libgcc.builtins
                0x00000000        0x0 f:/embbeded system/mplab/avr8-gnu-toolchain-win32_x86/bin/../lib/gcc/avr/5.4.0/avr5\libgcc.a(_udivmodsi4.o)
 .text.libgcc.fmul
                0x00000000        0x0 f:/embbeded system/mplab/avr8-gnu-toolchain-win32_x86/bin/../lib/gcc/avr/5.4.0/avr5\libgcc.a(_udivmodsi4.o)
 .text.libgcc.fixed
                0x00000000        0x0 f:/embbeded system/mplab/avr8-gnu-toolchain-win32_x86/bin/../lib/gcc/avr/5.4.0/avr5\libgcc.a(_udivmodsi4.o)
 .text          0x00000000        0x0 f:/embbeded system/mplab/avr8-gnu-toolchain-win32_x86/bin/../lib/gcc/avr/5.4.0/avr5\libgcc.a(_exit.o)
 .data          0x00000000        0x0 f:/embbeded system/mplab/avr8-gnu-toolchain-win32_x86/bin/../lib/gcc/avr/5.4.0/avr5\libgcc.a(_exit.o)
 .bss           0x00000000        0x0 f:/embbeded system/mplab/avr8-gnu-toolchain-win32_x86/bin/../lib/gcc/avr/5.4.0/avr5\libgcc.a(_exit.o)
 .text.libgcc.mul
                0x00000000        0x0 f:/embbeded system/mplab/avr8-gnu-toolchain-win32_x86/bin/../lib/gcc/avr/5.4.0/avr5\libgcc.a(_exit.o)
 .text.libgcc.div
                0x00000000        0x0 f:/embbeded system/mplab/avr8-gnu-toolchain-win32_x86/bin/../lib/gcc/avr/5.4.0/avr5\libgcc.a(_exit.o)
 .text.libgcc   0x00000000        0x0 f:/embbeded system/mplab/avr8-gnu-toolchain-win32_x86/bin/../lib/gcc/avr/5.4.0/avr5\libgcc.a(_exit.o)
 .text.libgcc.prologue
                0x00000000        0x0 f:/embbeded system/mplab/avr8-gnu-toolchain-win32_x86/bin/../lib/gcc/avr/5.4.0/avr5\libgcc.a(_exit.o)
 .text.libgcc.builtins
                0x00000000        0x0 f:/embbeded system/mplab/avr8-gnu-toolchain-win32_x86/bin/../lib/gcc/avr/5.4.0/avr5\libgcc.a(_exit.o)
 .text.libgcc.fmul
                0x00000000        0x0 f:/embbeded system/mplab/avr8-gnu-toolchain-win32_x86/bin/../lib/gcc/avr/5.4.0/avr5\libgcc.a(_exit.o)
 .text.libgcc.fixed
                0x00000000        0x0 f:/embbeded system/mplab/avr8-gnu-toolchain-win32_x86/bin/../lib/gcc/avr/5.4.0/avr5\libgcc.a(_exit.o)
 .text          0x00000000        0x0 f:/embbeded system/mplab/avr8-gnu-toolchain-win32_x86/bin/../lib/gcc/avr/5.4.0/avr5\libgcc.a(_tablejump2.o)
 .data          0x00000000        0x0 f:/embbeded system/mplab/avr8-gnu-toolchain-win32_x86/bin/../lib/gcc/avr/5.4.0/avr5\libgcc.a(_tablejump2.o)
 .bss           0x00000000        0x0 f:/embbeded system/mplab/avr8-gnu-toolchain-win32_x86/bin/../lib/gcc/avr/5.4.0/avr5\libgcc.a(_tablejump2.o)
 .text.libgcc.mul
                0x00000000        0x0 f:/embbeded system/mplab/avr8-gnu-toolchain-win32_x86/bin/../lib/gcc/avr/5.4.0/avr5\libgcc.a(_tablejump2.o)
 .text.libgcc.div
                0x00000000        0x0 f:/embbeded system/mplab/avr8-gnu-toolchain-win32_x86/bin/../lib/gcc/avr/5.4.0/avr5\libgcc.a(_tablejump2.o)
 .text.libgcc.prologue
                0x00000000        0x0 f:/embbeded system/mplab/avr8-gnu-toolchain-win32_x86/bin/../lib/gcc/avr/5.4.0/avr5\libgcc.a(_tablejump2.o)
 .text.libgcc.builtins
                0x00000000        0x0 f:/embbeded system/mplab/avr8-gnu-toolchain-win32_x86/bin/../lib/gcc/avr/5.4.0/avr5\libgcc.a(_tablejump2.o)
 .text.libgcc.fmul
                0x00000000        0x0 f:/embbeded system/mplab/avr8-gnu-toolchain-win32_x86/bin/../lib/gcc/avr/5.4.0/avr5\libgcc.a(_tablejump2.o)
 .text.libgcc.fixed
                0x00000000        0x0 f:/embbeded system/mplab/avr8-gnu-toolchain-win32_x86/bin/../lib/gcc/avr/5.4.0/avr5\libgcc.a(_tablejump2.o)
 .text          0x00000000        0x0 f:/embbeded system/mplab/avr8-gnu-toolchain-win32_x86/bin/../lib/gcc/avr/5.4.0/avr5\libgcc.a(_clear_bss.o)
 .data          0x00000000        0x0 f:/embbeded system/mplab/avr8-gnu-toolchain-win32_x86/bin/../lib/gcc/avr/5.4.0/avr5\libgcc.a(_clear_bss.o)
 .bss           0x00000000        0x0 f:/embbeded system/mplab/avr8-gnu-toolchain-win32_x86/bin/../lib/gcc/avr/5.4.0/avr5\libgcc.a(_clear_bss.o)
 .text.libgcc.mul
                0x00000000        0x0 f:/embbeded system/mplab/avr8-gnu-toolchain-win32_x86/bin/../lib/gcc/avr/5.4.0/avr5\libgcc.a(_clear_bss.o)
 .text.libgcc.div
                0x00000000        0x0 f:/embbeded system/mplab/avr8-gnu-toolchain-win32_x86/bin/../lib/gcc/avr/5.4.0/avr5\libgcc.a(_clear_bss.o)
 .text.libgcc   0x00000000        0x0 f:/embbeded system/mplab/avr8-gnu-toolchain-win32_x86/bin/../lib/gcc/avr/5.4.0/avr5\libgcc.a(_clear_bss.o)
 .text.libgcc.prologue
                0x00000000        0x0 f:/embbeded system/mplab/avr8-gnu-toolchain-win32_x86/bin/../lib/gcc/avr/5.4.0/avr5\libgcc.a(_clear_bss.o)
 .text.libgcc.builtins
                0x00000000        0x0 f:/embbeded system/mplab/avr8-gnu-toolchain-win32_x86/bin/../lib/gcc/avr/5.4.0/avr5\libgcc.a(_clear_bss.o)
 .text.libgcc.fmul
                0x00000000        0x0 f:/embbeded system/mplab/avr8-gnu-toolchain-win32_x86/bin/../lib/gcc/avr/5.4.0/avr5\libgcc.a(_clear_bss.o)
 .text.libgcc.fixed
                0x00000000        0x0 f:/embbeded system/mplab/avr8-gnu-toolchain-win32_x86/bin/../lib/gcc/avr/5.4.0/avr5\libgcc.a(_clear_bss.o)
 .text          0x00000000        0x0 f:/embbeded system/mplab/avr8-gnu-toolchain-win32_x86/bin/../lib/gcc/avr/5.4.0/avr5\libgcc.a(_umulhisi3.o)
 .data          0x00000000        0x0 f:/embbeded system/mplab/avr8-gnu-toolchain-win32_x86/bin/../lib/gcc/avr/5.4.0/avr5\libgcc.a(_umulhisi3.o)
 .bss           0x00000000        0x0 f:/embbeded system/mplab/avr8-gnu-toolchain-win32_x86/bin/../lib/gcc/avr/5.4.0/avr5\libgcc.a(_umulhisi3.o)
 .text.libgcc.div
                0x00000000        0x0 f:/embbeded system/mplab/avr8-gnu-toolchain-win32_x86/bin/../lib/gcc/avr/5.4.0/avr5\libgcc.a(_umulhisi3.o)
 .text.libgcc   0x00000000        0x0 f:/embbeded system/mplab/avr8-gnu-toolchain-win32_x86/bin/../lib/gcc/avr/5.4.0/avr5\libgcc.a(_umulhisi3.o)
 .text.libgcc.prologue
                0x00000000        0x0 f:/embbeded system/mplab/avr8-gnu-toolchain-win32_x86/bin/../lib/gcc/avr/5.4.0/avr5\libgcc.a(_umulhisi3.o)
 .text.libgcc.builtins
                0x00000000        0x0 f:/embbeded system/mplab/avr8-gnu-toolchain-win32_x86/bin/../lib/gcc/avr/5.4.0/avr5\libgcc.a(_umulhisi3.o)
 .text.libgcc.fmul
                0x00000000        0x0 f:/embbeded system/mplab/avr8-gnu-toolchain-win32_x86/bin/../lib/gcc/avr/5.4.0/avr5\libgcc.a(_umulhisi3.o)
 .text.libgcc.fixed
                0x00000000        0x0 f:/embbeded system/mplab/avr8-gnu-toolchain-win32_x86/bin/../lib/gcc/avr/5.4.0/avr5\libgcc.a(_umulhisi3.o)
 .text          0x00000000        0x0 f:/embbeded system/mplab/avr8-gnu-toolchain-win32_x86/bin/../lib/gcc/avr/5.4.0/avr5\libgcc.a(_muluhisi3.o)
 .data          0x00000000        0x0 f:/embbeded system/mplab/avr8-gnu-toolchain-win32_x86/bin/../lib/gcc/avr/5.4.0/avr5\libgcc.a(_muluhisi3.o)
 .bss           0x00000000        0x0 f:/embbeded system/mplab/avr8-gnu-toolchain-win32_x86/bin/../lib/gcc/avr/5.4.0/avr5\libgcc.a(_muluhisi3.o)
 .text.libgcc.div
                0x00000000        0x0 f:/embbeded system/mplab/avr8-gnu-toolchain-win32_x86/bin/../lib/gcc/avr/5.4.0/avr5\libgcc.a(_muluhisi3.o)
 .text.libgcc   0x00000000        0x0 f:/embbeded system/mplab/avr8-gnu-toolchain-win32_x86/bin/../lib/gcc/avr/5.4.0/avr5\libgcc.a(_muluhisi3.o)
 .text.libgcc.prologue
                0x00000000        0x0 f:/embbeded system/mplab/avr8-gnu-toolchain-win32_x86/bin/../lib/gcc/avr/5.4.0/avr5\libgcc.a(_muluhisi3.o)
 .text.libgcc.builtins
                0x00000000        0x0 f:/embbeded system/mplab/avr8-gnu-toolchain-win32_x86/bin/../lib/gcc/avr/5.4.0/avr5\libgcc.a(_muluhisi3.o)
 .text.libgcc.fmul
                0x00000000        0x0 f:/embbeded system/mplab/avr8-gnu-toolchain-win32_x86/bin/../lib/gcc/avr/5.4.0/avr5\libgcc.a(_muluhisi3.o)
 .text.libgcc.fixed
                0x00000000        0x0 f:/embbeded system/mplab/avr8-gnu-toolchain-win32_x86/bin/../lib/gcc/avr/5.4.0/avr5\libgcc.a(_muluhisi3.o)
 .text          0x00000000        0x0 f:/embbeded system/mplab/avr8-gnu-toolchain-win32_x86/bin/../lib/gcc/avr/5.4.0/avr5\libgcc.a(_mulshisi3.o)
 .data          0x00000000        0x0 f:/embbeded system/mplab/avr8-gnu-toolchain-win32_x86/bin/../lib/gcc/avr/5.4.0/avr5\libgcc.a(_mulshisi3.o)
 .bss           0x00000000        0x0 f:/embbeded system/mplab/avr8-gnu-toolchain-win32_x86/bin/../lib/gcc/avr/5.4.0/avr5\libgcc.a(_mulshisi3.o)
 .text.libgcc.div
                0x00000000        0x0 f:/embbeded system/mplab/avr8-gnu-toolchain-win32_x86/bin/../lib/gcc/avr/5.4.0/avr5\libgcc.a(_mulshisi3.o)
 .text.libgcc   0x00000000        0x0 f:/embbeded system/mplab/avr8-gnu-toolchain-win32_x86/bin/../lib/gcc/avr/5.4.0/avr5\libgcc.a(_mulshisi3.o)
 .text.libgcc.prologue
                0x00000000        0x0 f:/embbeded system/mplab/avr8-gnu-toolchain-win32_x86/bin/../lib/gcc/avr/5.4.0/avr5\libgcc.a(_mulshisi3.o)
 .text.libgcc.builtins
                0x00000000        0x0 f:/embbeded system/mplab/avr8-gnu-toolchain-win32_x86/bin/../lib/gcc/avr/5.4.0/avr5\libgcc.a(_mulshisi3.o)
 .text.libgcc.fmul
                0x00000000        0x0 f:/embbeded system/mplab/avr8-gnu-toolchain-win32_x86/bin/../lib/gcc/avr/5.4.0/avr5\libgcc.a(_mulshisi3.o)
 .text.libgcc.fixed
                0x00000000        0x0 f:/embbeded system/mplab/avr8-gnu-toolchain-win32_x86/bin/../lib/gcc/avr/5.4.0/avr5\libgcc.a(_mulshisi3.o)
 .text          0x00000000        0x0 f:/embbeded system/mplab/avr8-gnu-toolchain-win32_x86/bin/../lib/gcc/avr/5.4.0/avr5\libgcc.a(_udivmodhi4.o)
 .data          0x00000000        0x0 f:/embbeded system/mplab/avr8-gnu-toolchain-win32_x86/bin/../lib/gcc/avr/5.4.0/avr5\libgcc.a(_udivmodhi4.o)
 .bss           0x00000000        0x0 f:/embbeded system/mplab/avr8-gnu-toolchain-win32_x86/bin/../lib/gcc/avr/5.4.0/avr5\libgcc.a(_udivmodhi4.o)
 .text.libgcc.mul
                0x00000000        0x0 f:/embbeded system/mplab/avr8-gnu-toolchain-win32_x86/bin/../lib/gcc/avr/5.4.0/avr5\libgcc.a(_udivmodhi4.o)
 .text.libgcc.div
                0x00000000       0x28 f:/embbeded system/mplab/avr8-gnu-toolchain-win32_x86/bin/../lib/gcc/avr/5.4.0/avr5\libgcc.a(_udivmodhi4.o)
 .text.libgcc   0x00000000        0x0 f:/embbeded system/mplab/avr8-gnu-toolchain-win32_x86/bin/../lib/gcc/avr/5.4.0/avr5\libgcc.a(_udivmodhi4.o)
 .text.libgcc.prologue
                0x00000000        0x0 f:/embbeded system/mplab/avr8-gnu-toolchain-win32_x86/bin/../lib/gcc/avr/5.4.0/avr5\libgcc.a(_udivmodhi4.o)
 .text.libgcc.builtins
                0x00000000        0x0 f:/embbeded system/mplab/avr8-gnu-toolchain-win32_x86/bin/../lib/gcc/avr/5.4.0/avr5\libgcc.a(_udivmodhi4.o)
 .text.libgcc.fmul
                0x00000000        0x0 f:/embbeded system/mplab/avr8-gnu-toolchain-win32_x86/bin/../lib/gcc/avr/5.4.0/avr5\libgcc.a(_udivmodhi4.o)
 .text.libgcc.fixed
                0x00000000        0x0 f:/embbeded system/mplab/avr8-gnu-toolchain-win32_x86/bin/../lib/gcc/avr/5.4.0/avr5\libgcc.a(_udivmodhi4.o)
 .text          0x00000000        0x0 f:/embbeded system/mplab/avr8-gnu-toolchain-win32_x86/bin/../lib/gcc/avr/5.4.0/../../../../avr/lib/avr5\libc.a(random.o)
 .bss           0x00000000        0x0 f:/embbeded system/mplab/avr8-gnu-toolchain-win32_x86/bin/../lib/gcc/avr/5.4.0/../../../../avr/lib/avr5\libc.a(random.o)
 .text          0x00000000        0x0 f:/embbeded system/mplab/avr8-gnu-toolchain-win32_x86/bin/../lib/gcc/avr/5.4.0/../../../../avr/lib/avr5\libc.a(memcpy_P.o)
 .data          0x00000000        0x0 f:/embbeded system/mplab/avr8-gnu-toolchain-win32_x86/bin/../lib/gcc/avr/5.4.0/../../../../avr/lib/avr5\libc.a(memcpy_P.o)
 .bss           0x00000000        0x0 f:/embbeded system/mplab/avr8-gnu-toolchain-win32_x86/bin/../lib/gcc/avr/5.4.0/../../../../avr/lib/avr5\libc.a(memcpy_P.o)
 .text.avr-libc
                0x00000000       0x12 f:/embbeded system/mplab/avr8-gnu-toolchain-win32_x86/bin/../lib/gcc/avr/5.4.0/../../../../avr/lib/avr5\libc.a(memcpy_P.o)
 .text          0x00000000        0x0 f:/embbeded system/mplab/avr8-gnu-toolchain-win32_x86/bin/../lib/gcc/avr/5.4.0/../../../../avr/lib/avr5\libc.a(strlen_P.o)
 .data          0x00000000        0x0 f:/embbeded system/mplab/avr8-gnu-toolchain-win32_x86/bin/../lib/gcc/avr/5.4.0/../../../../avr/lib/avr5\libc.a(strlen_P.o)
 .bss           0x00000000        0x0 f:/embbeded system/mplab/avr8-gnu-toolchain-win32_x86/bin/../lib/gcc/avr/5.4.0/../../../../avr/lib/avr5\libc.a(strlen_P.o)
 .text.avr-libc
                0x00000000       0x12 f:/embbeded system/mplab/avr8-gnu-toolchain-win32_x86/bin/../lib/gcc/avr/5.4.0/../../../../avr/lib/avr5\libc.a(strlen_P.o)
 .text          0x00000000        0x0 f:/embbeded system/mplab/avr8-gnu-toolchain-win32_x86/bin/../lib/gcc/avr/5.4.0/avr5\libgcc.a(_divmodsi4.o)
 .data          0x00000000        0x0 f:/embbeded system/mplab/avr8-gnu-toolchain-win32_x86/bin/../lib/gcc/avr/5.4.0/avr5\libgcc.a(_divmodsi4.o)
 .bss           0x00000000        0x0 f:/embbeded system/mplab/avr8-gnu-toolchain-win32_x86/bin/../lib/gcc/avr/5.4.0/avr5\libgcc.a(_divmodsi4.o)
 .text.libgcc.mul
                0x00000000        0x0 f:/embbeded system/mplab/avr8-gnu-toolchain-win32_x86/bin/../lib/gcc/avr/5.4.0/avr5\libgcc.a(_divmodsi4.o)
 .text.libgcc   0x00000000        0x0 f:/embbeded system/mplab/avr8-gnu-toolchain-win32_x86/bin/../lib/gcc/avr/5.4.0/avr5\libgcc.a(_divmodsi4.o)
 .text.libgcc.prologue
                0x00000000        0x0 f:/embbeded system/mplab/avr8-gnu-toolchain-win32_x86/bin/../lib/gcc/avr/5.4.0/avr5\libgcc.a(_divmodsi4.o)
 .text.libgcc.builtins
                0x00000000        0x0 f:/embbeded system/mplab/avr8-gnu-toolchain-win32_x86/bin/../lib/gcc/avr/5.4.0/avr5\libgcc.a(_divmodsi4.o)
 .text.libgcc.fmul
                0x00000000        0x0 f:/embbeded system/mplab/avr8-gnu-toolchain-win32_x86/bin/../lib/gcc/avr/5.4.0/avr5\libgcc.a(_divmodsi4.o)
 .text.libgcc.fixed
                0x00000000        0x0 f:/embbeded system/mplab/avr8-gnu-toolchain-win32_x86/bin/../lib/gcc/avr/5.4.0/avr5\libgcc.a(_divmodsi4.o)
 .text          0x00000000        0x0 f:/embbeded system/mplab/avr8-gnu-toolchain-win32_x86/bin/../lib/gcc/avr/5.4.0/avr5\libgcc.a(_negsi2.o)
 .data          0x00000000        0x0 f:/embbeded system/mplab/avr8-gnu-toolchain-win32_x86/bin/../lib/gcc/avr/5.4.0/avr5\libgcc.a(_negsi2.o)
 .bss           0x00000000        0x0 f:/embbeded system/mplab/avr8-gnu-toolchain-win32_x86/bin/../lib/gcc/avr/5.4.0/avr5\libgcc.a(_negsi2.o)
 .text.libgcc.mul
                0x00000000        0x0 f:/embbeded system/mplab/avr8-gnu-toolchain-win32_x86/bin/../lib/gcc/avr/5.4.0/avr5\libgcc.a(_negsi2.o)
 .text.libgcc   0x00000000        0x0 f:/embbeded system/mplab/avr8-gnu-toolchain-win32_x86/bin/../lib/gcc/avr/5.4.0/avr5\libgcc.a(_negsi2.o)
 .text.libgcc.prologue
                0x00000000        0x0 f:/embbeded system/mplab/avr8-gnu-toolchain-win32_x86/bin/../lib/gcc/avr/5.4.0/avr5\libgcc.a(_negsi2.o)
 .text.libgcc.builtins
                0x00000000        0x0 f:/embbeded system/mplab/avr8-gnu-toolchain-win32_x86/bin/../lib/gcc/avr/5.4.0/avr5\libgcc.a(_negsi2.o)
 .text.libgcc.fmul
                0x00000000        0x0 f:/embbeded system/mplab/avr8-gnu-toolchain-win32_x86/bin/../lib/gcc/avr/5.4.0/avr5\libgcc.a(_negsi2.o)
 .text.libgcc.fixed
                0x00000000        0x0 f:/embbeded system/mplab/avr8-gnu-toolchain-win32_x86/bin/../lib/gcc/avr/5.4.0/avr5\libgcc.a(_negsi2.o)
 .text          0x00000000        0x0 f:/embbeded system/mplab/avr8-gnu-toolchain-win32_x86/bin/../lib/gcc/avr/5.4.0/avr5\libgcc.a(_copy_data.o)
 .data          0x00000000        0x0 f:/embbeded system/mplab/avr8-gnu-toolchain-win32_x86/bin/../lib/gcc/avr/5.4.0/avr5\libgcc.a(_copy_data.o)
 .bss           0x00000000        0x0 f:/embbeded system/mplab/avr8-gnu-toolchain-win32_x86/bin/../lib/gcc/avr/5.4.0/avr5\libgcc.a(_copy_data.o)
 .text.libgcc.mul
                0x00000000        0x0 f:/embbeded system/mplab/avr8-gnu-toolchain-win32_x86/bin/../lib/gcc/avr/5.4.0/avr5\libgcc.a(_copy_data.o)
 .text.libgcc.div
                0x00000000        0x0 f:/embbeded system/mplab/avr8-gnu-toolchain-win32_x86/bin/../lib/gcc/avr/5.4.0/avr5\libgcc.a(_copy_data.o)
 .text.libgcc   0x00000000        0x0 f:/embbeded system/mplab/avr8-gnu-toolchain-win32_x86/bin/../lib/gcc/avr/5.4.0/avr5\libgcc.a(_copy_data.o)
 .text.libgcc.prologue
                0x00000000        0x0 f:/embbeded system/mplab/avr8-gnu-toolchain-win32_x86/bin/../lib/gcc/avr/5.4.0/avr5\libgcc.a(_copy_data.o)
 .text.libgcc.builtins
                0x00000000        0x0 f:/embbeded system/mplab/avr8-gnu-toolchain-win32_x86/bin/../lib/gcc/avr/5.4.0/avr5\libgcc.a(_copy_data.o)
 .text.libgcc.fmul
                0x00000000        0x0 f:/embbeded system/mplab/avr8-gnu-toolchain-win32_x86/bin/../lib/gcc/avr/5.4.0/avr5\libgcc.a(_copy_data.o)
 .text.libgcc.fixed
                0x00000000        0x0 f:/embbeded system/mplab/avr8-gnu-toolchain-win32_x86/bin/../lib/gcc/avr/5.4.0/avr5\libgcc.a(_copy_data.o)

Memory Configuration

Name             Origin             Length             Attributes
text             0x00000000         0x00004000         xr
data             0x00800060         0x00000400         rw !x
eeprom           0x00810000         0x00000200         rw !x
fuse             0x00820000         0x00000002         rw !x
lock             0x00830000         0x00000400         rw !x
signature        0x00840000         0x00000400         rw !x
user_signatures  0x00850000         0x00000400         rw !x
*default*        0x00000000         0xffffffff

Linker script and memory map

LOAD C:/Program Files/Microchip/MPLABX/v6.05/packs/Microchip/ATmega_DFP/3.0.158/gcc/dev/atmega16a/avr5/crtatmega16a.o
LOAD build/ATmega16A/production/src/app.o
LOAD build/ATmega16A/production/src/userSystem.o
LOAD build/ATmega16A/production/src/configuration.o
LOAD build/ATmega16A/production/src/network.o
LOAD build/ATmega16A/production/src/DisplayQueue.o
LOAD build/ATmega16A/production/src/Requests.o
LOAD build/ATmega16A/production/src/PowerOn.o
LOAD build/ATmega16A/production/src/userSystem2.o
LOAD lib\mega2.X.a
                0x00000001                __MPLAB_BUILD = 0x1
START GROUP
LOAD f:/embbeded system/mplab/avr8-gnu-toolchain-win32_x86/bin/../lib/gcc/avr/5.4.0/../../../../avr/lib/avr5\libm.a
END GROUP
START GROUP
LOAD f:/embbeded system/mplab/avr8-gnu-toolchain-win32_x86/bin/../lib/gcc/avr/5.4.0/avr5\libgcc.a
LOAD f:/embbeded system/mplab/avr8-gnu-toolchain-win32_x86/bin/../lib/gcc/avr/5.4.0/../../../../avr/lib/avr5\libm.a
LOAD f:/embbeded system/mplab/avr8-gnu-toolchain-win32_x86/bin/../lib/gcc/avr/5.4.0/../../../../avr/lib/avr5\libc.a
LOAD C:/Program Files/Microchip/MPLABX/v6.05/packs/Microchip/ATmega_DFP/3.0.158/gcc/dev/atmega16a/avr5\libatmega16a.a
END GROUP
                0x00000000                __TEXT_REGION_ORIGIN__ = DEFINED (__TEXT_REGION_ORIGIN__)?__TEXT_REGION_ORIGIN__:0x0
                [0x00800060]                __DATA_REGION_ORIGIN__ = DEFINED (__DATA_REGION_ORIGIN__)?__DATA_REGION_ORIGIN__:0x800060
                [0x00004000]                __TEXT_REGION_LENGTH__ = DEFINED (__TEXT_REGION_LENGTH__)?__TEXT_REGION_LENGTH__:0x20000
                [0x00000400]                __DATA_REGION_LENGTH__ = DEFINED (__DATA_REGION_LENGTH__)?__DATA_REGION_LENGTH__:0xffa0
                [0x00000200]                __EEPROM_REGION_LENGTH__ = DEFINED (__EEPROM_REGION_LENGTH__)?__EEPROM_REGION_LENGTH__:0x10000
                [0x00000002]                __FUSE_REGION_LENGTH__ = DEFINED (__FUSE_REGION_LENGTH__)?__FUSE_REGION_LENGTH__:0x400
                0x00000400                __LOCK_REGION_LENGTH__ = DEFINED (__LOCK_REGION_LENGTH__)?__LOCK_REGION_LENGTH__:0x400
                0x00000400                __SIGNATURE_REGION_LENGTH__ = DEFINED (__SIGNATURE_REGION_LENGTH__)?__SIGNATURE_REGION_LENGTH__:0x400
                0x00000400                __USER_SIGNATURE_REGION_LENGTH__ = DEFINED (__USER_SIGNATURE_REGION_LENGTH__)?__USER_SIGNATURE_REGION_LENGTH__:0x400

.hash
 *(.hash)

.dynsym
 *(.dynsym)

.dynstr
 *(.dynstr)

.gnu.version
 *(.gnu.version)

.gnu.version_d
 *(.gnu.version_d)

.gnu.version_r
 *(.gnu.version_r)

.rel.init
 *(.rel.init)

.rela.init
 *(.rela.init)

.rel.text
 *(.rel.text)
 *(.rel.text.*)
 *(.rel.gnu.linkonce.t*)

.rela.text
 *(.rela.text)
 *(.rela.text.*)
 *(.rela.gnu.linkonce.t*)

.rel.fini
 *(.rel.fini)

.rela.fini
 *(.rela.fini)

.rel.rodata
 *(.rel.rodata)
 *(.rel.rodata.*)
 *(.rel.gnu.linkonce.r*)

.rela.rodata
 *(.rela.rodata)
 *(.rela.rodata.*)
 *(.rela.gnu.linkonce.r*)

.rel.data
 *(.rel.data)
 *(.rel.data.*)
 *(.rel.gnu.linkonce.d*)

.rela.data
 *(.rela.data)
 *(.rela.data.*)
 *(.rela.gnu.linkonce.d*)

.rel.ctors
 *(.rel.ctors)

.rela.ctors
 *(.rela.ctors)

.rel.dtors
 *(.rel.dtors)

.rela.dtors
 *(.rela.dtors)

.rel.got
 *(.rel.got)

.rela.got
 *(.rela.got)

.rel.bss
 *(.rel.bss)

.rela.bss
 *(.rela.bss)

.rel.plt
 *(.rel.plt)

.rela.plt
 *(.rela.plt)

.text           0x00000000     0x2316
 *(.vectors)
 .vectors       0x00000000       0x54 C:/Program Files/Microchip/MPLABX/v6.05/packs/Microchip/ATmega_DFP/3.0.158/gcc/dev/atmega16a/avr5/crtatmega16a.o
                0x00000000                __vector_default
                0x00000000                __vectors
 *(.vectors)
 *(.progmem.gcc*)
 .progmem.gcc_sw_table.UserCallBack
                0x00000054        0xe build/ATmega16A/production/src/userSystem.o
 .progmem.gcc_sw_table.EEpromCallback
                0x00000062       0x10 build/ATmega16A/production/src/configuration.o
 .progmem.gcc_sw_table.UserCallBack2
                0x00000072        0xe build/ATmega16A/production/src/userSystem2.o
                0x00000080                . = ALIGN (0x2)
                0x00000080                __trampolines_start = .
 *(.trampolines)
 .trampolines   0x00000080        0x0 linker stubs
 *(.trampolines*)
                0x00000080                __trampolines_end = .
 *libprintf_flt.a:*(.progmem.data)
 *libc.a:*(.progmem.data)
 *(.progmem*)
                0x00000080                . = ALIGN (0x2)
 *(.jumptables)
 *(.jumptables*)
 *(.lowtext)
 *(.lowtext*)
                0x00000080                __ctors_start = .
 *(.ctors)
                0x00000080                __ctors_end = .
                0x00000080                __dtors_start = .
 *(.dtors)
                0x00000080                __dtors_end = .
 SORT(*)(.ctors)
 SORT(*)(.dtors)
 *(.init0)
 .init0         0x00000080        0x0 C:/Program Files/Microchip/MPLABX/v6.05/packs/Microchip/ATmega_DFP/3.0.158/gcc/dev/atmega16a/avr5/crtatmega16a.o
                0x00000080                __init
 *(.init0)
 *(.init1)
 *(.init1)
 *(.init2)
 .init2         0x00000080        0xc C:/Program Files/Microchip/MPLABX/v6.05/packs/Microchip/ATmega_DFP/3.0.158/gcc/dev/atmega16a/avr5/crtatmega16a.o
 *(.init2)
 *(.init3)
 *(.init3)
 *(.init4)
 .init4         0x0000008c       0x10 f:/embbeded system/mplab/avr8-gnu-toolchain-win32_x86/bin/../lib/gcc/avr/5.4.0/avr5\libgcc.a(_clear_bss.o)
                0x0000008c                __do_clear_bss
 .init4         0x0000009c       0x16 f:/embbeded system/mplab/avr8-gnu-toolchain-win32_x86/bin/../lib/gcc/avr/5.4.0/avr5\libgcc.a(_copy_data.o)
                0x0000009c                __do_copy_data
 *(.init4)
 *(.init5)
 *(.init5)
 *(.init6)
 *(.init6)
 *(.init7)
 *(.init7)
 *(.init8)
 *(.init8)
 *(.init9)
 .init9         0x000000b2        0x8 C:/Program Files/Microchip/MPLABX/v6.05/packs/Microchip/ATmega_DFP/3.0.158/gcc/dev/atmega16a/avr5/crtatmega16a.o
 *(.init9)
 *(.text)
 .text          0x000000ba        0x4 C:/Program Files/Microchip/MPLABX/v6.05/packs/Microchip/ATmega_DFP/3.0.158/gcc/dev/atmega16a/avr5/crtatmega16a.o
                0x000000ba                __vector_12
                0x000000ba                __bad_interrupt
                0x000000ba                __vector_3
                0x000000ba                __vector_17
                0x000000ba                __vector_7
                0x000000ba                __vector_5
                0x000000ba                __vector_4
                0x000000ba                __vector_9
                0x000000ba                __vector_2
                0x000000ba                __vector_15
                0x000000ba                __vector_8
                0x000000ba                __vector_14
                0x000000ba                __vector_10
                0x000000ba                __vector_16
                0x000000ba                __vector_18
                0x000000ba                __vector_20
                0x000000be                . = ALIGN (0x2)
 *(.text.*)
 .text.appBoot  0x000000be        0x2 build/ATmega16A/production/src/app.o
                0x000000be                appBoot
 .text.appInit  0x000000c0       0x18 build/ATmega16A/production/src/app.o
                0x000000c0                appInit
 .text.appSync  0x000000d8        0x2 build/ATmega16A/production/src/app.o
                0x000000d8                appSync
 .text.appMain  0x000000da       0x1e build/ATmega16A/production/src/app.o
                0x000000da                appMain
 .text.onUserCencel
                0x000000f8       0x1a build/ATmega16A/production/src/userSystem.o
 .text.onUserAssiest
                0x00000112       0x70 build/ATmega16A/production/src/userSystem.o
 .text.onUserCall
                0x00000182       0x42 build/ATmega16A/production/src/userSystem.o
 .text.onUserEMG
                0x000001c4       0x42 build/ATmega16A/production/src/userSystem.o
 .text.RegisterOnUserSystem
                0x00000206       0x5a build/ATmega16A/production/src/userSystem.o
                0x00000206                RegisterOnUserSystem
 .text.UserInit
                0x00000260       0x12 build/ATmega16A/production/src/userSystem.o
                0x00000260                UserInit
 .text.UserCallBack
                0x00000272       0xf2 build/ATmega16A/production/src/userSystem.o
                0x00000272                UserCallBack
 .text.UserSetAcceptValueRunif
                0x00000364       0x20 build/ATmega16A/production/src/userSystem.o
                0x00000364                UserSetAcceptValueRunif
 .text.OnSaveSerial
                0x00000384       0x32 build/ATmega16A/production/src/configuration.o
 .text.OnSaveIp
                0x000003b6       0x10 build/ATmega16A/production/src/configuration.o
                0x000003b6                OnSaveIp
 .text.RoomGetType
                0x000003c6        0xa build/ATmega16A/production/src/configuration.o
                0x000003c6                RoomGetType
 .text.getBuzzerState
                0x000003d0        0x8 build/ATmega16A/production/src/configuration.o
                0x000003d0                getBuzzerState
 .text.getAcceptState
                0x000003d8        0xc build/ATmega16A/production/src/configuration.o
                0x000003d8                getAcceptState
 .text.SystemScollerTime
                0x000003e4       0x10 build/ATmega16A/production/src/configuration.o
                0x000003e4                SystemScollerTime
 .text.getBuzzerTimeFactor
                0x000003f4        0xc build/ATmega16A/production/src/configuration.o
                0x000003f4                getBuzzerTimeFactor
 .text.ConfigurationInit
                0x00000400        0xc build/ATmega16A/production/src/configuration.o
                0x00000400                ConfigurationInit
 .text.OnSaveConfiguration
                0x0000040c        0xc build/ATmega16A/production/src/configuration.o
                0x0000040c                OnSaveConfiguration
 .text.SystemIsSerial
                0x00000418       0x1e build/ATmega16A/production/src/configuration.o
                0x00000418                SystemIsSerial
 .text.SystemIp
                0x00000436        0x6 build/ATmega16A/production/src/configuration.o
                0x00000436                SystemIp
 .text.EEpromCallback
                0x0000043c       0xe6 build/ATmega16A/production/src/configuration.o
                0x0000043c                EEpromCallback
 .text.NetworkHostSystem
                0x00000522       0xac build/ATmega16A/production/src/network.o
 .text.NetworkClientSystem
                0x000005ce       0x56 build/ATmega16A/production/src/network.o
 .text.NetworkInit
                0x00000624       0x10 build/ATmega16A/production/src/network.o
                0x00000624                NetworkInit
 .text.NetworkRoomCallBack
                0x00000634       0x2a build/ATmega16A/production/src/network.o
                0x00000634                NetworkRoomCallBack
 .text.SystemPutInQueue
                0x0000065e        0xc build/ATmega16A/production/src/DisplayQueue.o
                0x0000065e                SystemPutInQueue
 .text.DisplayQueueCallBack
                0x0000066a      0x124 build/ATmega16A/production/src/DisplayQueue.o
                0x0000066a                DisplayQueueCallBack
 .text.DisplayQueueInit
                0x0000078e       0x22 build/ATmega16A/production/src/DisplayQueue.o
                0x0000078e                DisplayQueueInit
 .text.updateQueueState
                0x000007b0        0x6 build/ATmega16A/production/src/DisplayQueue.o
                0x000007b0                updateQueueState
 .text.GetIpRequest
                0x000007b6       0x38 build/ATmega16A/production/src/Requests.o
                0x000007b6                GetIpRequest
 .text.ResForConfig
                0x000007ee       0x38 build/ATmega16A/production/src/Requests.o
                0x000007ee                ResForConfig
 .text.PowerOnInit
                0x00000826        0xc build/ATmega16A/production/src/PowerOn.o
                0x00000826                PowerOnInit
 .text.PoweronRestart
                0x00000832        0xa build/ATmega16A/production/src/PowerOn.o
                0x00000832                PoweronRestart
 .text.stopPowerOnRoomData
                0x0000083c        0x8 build/ATmega16A/production/src/PowerOn.o
                0x0000083c                stopPowerOnRoomData
 .text.stopPowerOnRoomConfig
                0x00000844        0x8 build/ATmega16A/production/src/PowerOn.o
                0x00000844                stopPowerOnRoomConfig
 .text.onUserCencel2
                0x0000084c       0x1a build/ATmega16A/production/src/userSystem2.o
 .text.onSerial2
                0x00000866       0x1c build/ATmega16A/production/src/userSystem2.o
 .text.onUserAssiest2
                0x00000882       0x36 build/ATmega16A/production/src/userSystem2.o
 .text.onUserEMG2
                0x000008b8       0x70 build/ATmega16A/production/src/userSystem2.o
 .text.RegisterOnUserSystem2
                0x00000928       0x2c build/ATmega16A/production/src/userSystem2.o
                0x00000928                RegisterOnUserSystem2
 .text.UserInit2
                0x00000954       0x12 build/ATmega16A/production/src/userSystem2.o
                0x00000954                UserInit2
 .text.UserCallBack2
                0x00000966       0xc8 build/ATmega16A/production/src/userSystem2.o
                0x00000966                UserCallBack2
 .text.UserSetAcceptValueRun2
                0x00000a2e        0x6 build/ATmega16A/production/src/userSystem2.o
                0x00000a2e                UserSetAcceptValueRun2
 .text.csma_RestTimer
                0x00000a34        0xe lib\mega2.X.a(csma.o)
 .text.ResetCurrentFrameSend
                0x00000a42       0x36 lib\mega2.X.a(csma.o)
 .text.defalutStateFun
                0x00000a78        0x2 lib\mega2.X.a(csma.o)
 .text.OnMangemntServerConFiarm
                0x00000a7a       0x2e lib\mega2.X.a(csma.o)
 .text.OnMangemntServerFrameRemoveAddress
                0x00000aa8       0x2c lib\mega2.X.a(csma.o)
 .text.OnMangemntClientFrameRemoveAddess
                0x00000ad4       0x2c lib\mega2.X.a(csma.o)
 .text.StartTimerWithTime.part.0
                0x00000b00       0x46 lib\mega2.X.a(csma.o)
 .text.OnSendFrame
                0x00000b46       0x2c lib\mega2.X.a(csma.o)
 .text.OnMangemntServerFrameAssignAddress
                0x00000b72       0x7a lib\mega2.X.a(csma.o)
 .text.OnMangemntClientFrameGetAddress
                0x00000bec       0x4e lib\mega2.X.a(csma.o)
 .text.commBackOffTime
                0x00000c3a       0xc6 lib\mega2.X.a(csma.o)
 .text.sendAck.constprop.10
                0x00000d00       0x4c lib\mega2.X.a(csma.o)
 .text.ParseWithMangmentFrame
                0x00000d4c      0x17c lib\mega2.X.a(csma.o)
 .text.csmaReTransmitCurrentFrame
                0x00000ec8       0x36 lib\mega2.X.a(csma.o)
 .text.ParseWithDataFrame
                0x00000efe      0x106 lib\mega2.X.a(csma.o)
 .text.__vector_13
                0x00001004       0x14 lib\mega2.X.a(csma.o)
                0x00001004                __vector_13
 .text.__vector_1
                0x00001018       0x4e lib\mega2.X.a(csma.o)
                0x00001018                __vector_1
 .text.__vector_11
                0x00001066      0x132 lib\mega2.X.a(csma.o)
                0x00001066                __vector_11
 .text.csmaloadConfig
                0x00001198       0x30 lib\mega2.X.a(csma.o)
                0x00001198                csmaloadConfig
 .text.sendFreeFrame
                0x000011c8       0x28 lib\mega2.X.a(csma.o)
                0x000011c8                sendFreeFrame
 .text.__vector_6
                0x000011f0      0x29e lib\mega2.X.a(csma.o)
                0x000011f0                __vector_6
 .text.csmaInit
                0x0000148e       0xc6 lib\mega2.X.a(csma.o)
                0x0000148e                csmaInit
 .text.CsmaRequestNewFrame
                0x00001554       0xcc lib\mega2.X.a(csma.o)
                0x00001554                CsmaRequestNewFrame
 .text.csmaDriver
                0x00001620      0x274 lib\mega2.X.a(csma.o)
                0x00001620                csmaDriver
 .text.csmaGetMaxAddress
                0x00001894        0x6 lib\mega2.X.a(csma.o)
                0x00001894                csmaGetMaxAddress
 .text.OnHostFrameCh0
                0x0000189a        0xa lib\mega2.X.a(csma.o)
                0x0000189a                OnHostFrameCh0
 .text.OnClientFrameCh0
                0x000018a4        0xa lib\mega2.X.a(csma.o)
                0x000018a4                OnClientFrameCh0
 .text.putDataCh0
                0x000018ae       0xe8 lib\mega2.X.a(csma.o)
                0x000018ae                putDataCh0
 .text.csmaSaveSerialRegister
                0x00001996        0xa lib\mega2.X.a(csma.o)
                0x00001996                csmaSaveSerialRegister
 .text.csmaInitStationIp
                0x000019a0        0x6 lib\mega2.X.a(csma.o)
                0x000019a0                csmaInitStationIp
 .text.eepromInit
                0x000019a6       0x28 lib\mega2.X.a(eeprom.o)
                0x000019a6                eepromInit
 .text.eepromDriver
                0x000019ce      0x150 lib\mega2.X.a(eeprom.o)
                0x000019ce                eepromDriver
 .text.eepromWriteBuf
                0x00001b1e       0x40 lib\mega2.X.a(eeprom.o)
                0x00001b1e                eepromWriteBuf
 .text.eepromRequestSterm
                0x00001b5e       0x44 lib\mega2.X.a(eeprom.o)
                0x00001b5e                eepromRequestSterm
 .text.eepromIsBusy
                0x00001ba2        0xe lib\mega2.X.a(eeprom.o)
                0x00001ba2                eepromIsBusy
 .text.eepromRead
                0x00001bb0       0x16 lib\mega2.X.a(eeprom.o)
                0x00001bb0                eepromRead
 .text.__vector_19
                0x00001bc6      0x13e lib\mega2.X.a(system.o)
                0x00001bc6                __vector_19
 .text.startHwTimer0
                0x00001d04        0xa lib\mega2.X.a(system.o)
                0x00001d04                startHwTimer0
 .text.systemInit
                0x00001d0e       0x48 lib\mega2.X.a(system.o)
                0x00001d0e                systemInit
 .text.systemMillis
                0x00001d56       0x18 lib\mega2.X.a(system.o)
                0x00001d56                systemMillis
 .text.sysSetPeriodMS
                0x00001d6e       0x34 lib\mega2.X.a(system.o)
                0x00001d6e                sysSetPeriodMS
 .text.sysIsTimeoutMs
                0x00001da2       0x4c lib\mega2.X.a(system.o)
                0x00001da2                sysIsTimeoutMs
 .text.setupHwTimer0
                0x00001dee       0x24 lib\mega2.X.a(system.o)
                0x00001dee                setupHwTimer0
 .text.myTone.constprop.1
                0x00001e12       0x84 lib\mega2.X.a(tone.o)
 .text.isTonePlaying
                0x00001e96       0x10 lib\mega2.X.a(tone.o)
                0x00001e96                isTonePlaying
 .text.Toneplay
                0x00001ea6       0x2c lib\mega2.X.a(tone.o)
                0x00001ea6                Toneplay
 .text.Tonestop
                0x00001ed2       0x6c lib\mega2.X.a(tone.o)
                0x00001ed2                Tonestop
 .text.ToneInit
                0x00001f3e       0x2a lib\mega2.X.a(tone.o)
                0x00001f3e                ToneInit
 .text.ToneDriver
                0x00001f68       0x30 lib\mega2.X.a(tone.o)
                0x00001f68                ToneDriver
 .text.usart0PutByte
                0x00001f98        0x4 lib\mega2.X.a(usart.o)
                0x00001f98                usart0PutByte
 .text.usart0GetByte
                0x00001f9c        0x4 lib\mega2.X.a(usart.o)
                0x00001f9c                usart0GetByte
 .text.UARTDataFramError0
                0x00001fa0       0x10 lib\mega2.X.a(usart.o)
                0x00001fa0                UARTDataFramError0
 .text.usartInit
                0x00001fb0       0x10 lib\mega2.X.a(usart.o)
                0x00001fb0                usartInit
 .text.map      0x00001fc0       0x68 lib\mega2.X.a(utility.o)
                0x00001fc0                map
 .text.power2   0x00002028       0x18 lib\mega2.X.a(utility.o)
                0x00002028                power2
 .text.Match_2BUF
                0x00002040       0x1e lib\mega2.X.a(utility.o)
                0x00002040                Match_2BUF
 .text.copyBuff
                0x0000205e       0x18 lib\mega2.X.a(utility.o)
                0x0000205e                copyBuff
 .text.setBuff  0x00002076       0x12 lib\mega2.X.a(utility.o)
                0x00002076                setBuff
 .text.MatchBufWithValue
                0x00002088       0x1a lib\mega2.X.a(utility.o)
                0x00002088                MatchBufWithValue
 .text.csmaCRCCheck
                0x000020a2       0x24 lib\mega2.X.a(utility.o)
                0x000020a2                csmaCRCCheck
 .text.startup.main
                0x000020c6       0x36 lib\mega2.X.a(mega.o)
                0x000020c6                main
 .text.libgcc.div
                0x000020fc       0x44 f:/embbeded system/mplab/avr8-gnu-toolchain-win32_x86/bin/../lib/gcc/avr/5.4.0/avr5\libgcc.a(_udivmodsi4.o)
                0x000020fc                __udivmodsi4
 .text.libgcc   0x00002140        0xc f:/embbeded system/mplab/avr8-gnu-toolchain-win32_x86/bin/../lib/gcc/avr/5.4.0/avr5\libgcc.a(_tablejump2.o)
                0x00002140                __tablejump2__
 .text.libgcc.mul
                0x0000214c       0x1e f:/embbeded system/mplab/avr8-gnu-toolchain-win32_x86/bin/../lib/gcc/avr/5.4.0/avr5\libgcc.a(_umulhisi3.o)
                0x0000214c                __umulhisi3
 .text.libgcc.mul
                0x0000216a       0x16 f:/embbeded system/mplab/avr8-gnu-toolchain-win32_x86/bin/../lib/gcc/avr/5.4.0/avr5\libgcc.a(_muluhisi3.o)
                0x0000216a                __muluhisi3
 .text.libgcc.mul
                0x00002180       0x10 f:/embbeded system/mplab/avr8-gnu-toolchain-win32_x86/bin/../lib/gcc/avr/5.4.0/avr5\libgcc.a(_mulshisi3.o)
                0x00002180                __mulshisi3
                0x00002186                __mulohisi3
 .text.avr-libc
                0x00002190      0x144 f:/embbeded system/mplab/avr8-gnu-toolchain-win32_x86/bin/../lib/gcc/avr/5.4.0/../../../../avr/lib/avr5\libc.a(random.o)
                0x00002190                random_r
                0x00002226                random
                0x000022c2                srandom
 .text.libgcc.div
                0x000022d4       0x2e f:/embbeded system/mplab/avr8-gnu-toolchain-win32_x86/bin/../lib/gcc/avr/5.4.0/avr5\libgcc.a(_divmodsi4.o)
                0x000022d4                __divmodsi4
 .text.libgcc.div
                0x00002302       0x10 f:/embbeded system/mplab/avr8-gnu-toolchain-win32_x86/bin/../lib/gcc/avr/5.4.0/avr5\libgcc.a(_negsi2.o)
                0x00002302                __negsi2
                0x00002312                . = ALIGN (0x2)
 *(.fini9)
 .fini9         0x00002312        0x0 f:/embbeded system/mplab/avr8-gnu-toolchain-win32_x86/bin/../lib/gcc/avr/5.4.0/avr5\libgcc.a(_exit.o)
                0x00002312                _exit
                0x00002312                exit
 *(.fini9)
 *(.fini8)
 *(.fini8)
 *(.fini7)
 *(.fini7)
 *(.fini6)
 *(.fini6)
 *(.fini5)
 *(.fini5)
 *(.fini4)
 *(.fini4)
 *(.fini3)
 *(.fini3)
 *(.fini2)
 *(.fini2)
 *(.fini1)
 *(.fini1)
 *(.fini0)
 .fini0         0x00002312        0x4 f:/embbeded system/mplab/avr8-gnu-toolchain-win32_x86/bin/../lib/gcc/avr/5.4.0/avr5\libgcc.a(_exit.o)
 *(.fini0)
                0x00002316                _etext = .

.data           0x00800060        0x4 load address 0x00002316
                0x00800060                PROVIDE (__data_start, .)
 *(.data)
 .data          0x00800060        0x4 f:/embbeded system/mplab/avr8-gnu-toolchain-win32_x86/bin/../lib/gcc/avr/5.4.0/../../../../avr/lib/avr5\libc.a(random.o)
 *(.data*)
 *(.gnu.linkonce.d*)
 *(.rodata)
 *(.rodata*)
 *(.gnu.linkonce.r*)
                0x00800064                . = ALIGN (0x2)
                0x00800064                _edata = .
                0x00800064                PROVIDE (__data_end, .)

.bss            0x00800064      0x159
                0x00800064                PROVIDE (__bss_start, .)
 *(.bss)
 *(.bss*)
 .bss.gu8UserCounter
                0x00800064        0x1 build/ATmega16A/production/src/userSystem.o
 .bss.gu8AcceptLastState
                0x00800065        0x1 build/ATmega16A/production/src/userSystem.o
 .bss.gu8EMGUserState
                0x00800066        0x1 build/ATmega16A/production/src/userSystem.o
 .bss.gu8UserSystemLast
                0x00800067        0x1 build/ATmega16A/production/src/userSystem.o
 .bss.gu8UserSystem
                0x00800068        0x1 build/ATmega16A/production/src/userSystem.o
 .bss.gsSystemConfig
                0x00800069        0x2 build/ATmega16A/production/src/configuration.o
 .bss.gstboardInfo
                0x0080006b        0xa build/ATmega16A/production/src/configuration.o
 .bss.gu8WriteState
                0x00800075        0x1 build/ATmega16A/production/src/configuration.o
 .bss.gu8IP     0x00800076        0x1 build/ATmega16A/production/src/configuration.o
 .bss.gu8NetworkDisplayReq
                0x00800077        0x1 build/ATmega16A/production/src/network.o
 .bss.gu8SaveState
                0x00800078        0x1 build/ATmega16A/production/src/DisplayQueue.o
 .bss.gu8NewRequestIndex
                0x00800079        0x1 build/ATmega16A/production/src/DisplayQueue.o
 .bss.gsRoomScollerTimeOut
                0x0080007a        0x4 build/ATmega16A/production/src/DisplayQueue.o
 .bss.gu8DataLastState
                0x0080007e        0x1 build/ATmega16A/production/src/DisplayQueue.o
 .bss.gu8DataQueueState
                0x0080007f        0x1 build/ATmega16A/production/src/DisplayQueue.o
 .bss.gu8QueueIndex
                0x00800080        0x1 build/ATmega16A/production/src/DisplayQueue.o
 .bss.gu8DisplayQueue
                0x00800081       0x80 build/ATmega16A/production/src/DisplayQueue.o
 .bss.gu8PowerOnData
                0x00800101        0x1 build/ATmega16A/production/src/PowerOn.o
 .bss.gu8PowerOnStateConfig
                0x00800102        0x1 build/ATmega16A/production/src/PowerOn.o
 .bss.gu8UserCounter2
                0x00800103        0x1 build/ATmega16A/production/src/userSystem2.o
 .bss.gu8AcceptLastState2
                0x00800104        0x1 build/ATmega16A/production/src/userSystem2.o
 .bss.gu8EMGUserState2
                0x00800105        0x1 build/ATmega16A/production/src/userSystem2.o
 .bss.gu8UserSystemLast2
                0x00800106        0x1 build/ATmega16A/production/src/userSystem2.o
 .bss.gu8UserSystem2
                0x00800107        0x1 build/ATmega16A/production/src/userSystem2.o
 .bss.gsNetWorkFiledRequest
                0x00800108        0x4 lib\mega2.X.a(csma.o)
 .bss.gu8SendAckState
                0x0080010c        0x1 lib\mega2.X.a(csma.o)
 .bss.gpFunctionSaveSerial
                0x0080010d        0x2 lib\mega2.X.a(csma.o)
 .bss.gu8LoadIp
                0x0080010f        0x1 lib\mega2.X.a(csma.o)
 .bss.gu8SaveSerialState
                0x00800110        0x1 lib\mega2.X.a(csma.o)
 .bss.gu8CurrentTimerRun
                0x00800111        0x1 lib\mega2.X.a(csma.o)
 .bss.guTimeActtivationCode
                0x00800112        0x4 lib\mega2.X.a(csma.o)
 .bss.gu8SystemServer
                0x00800116        0x1 lib\mega2.X.a(csma.o)
 .bss.gu8SendStateRequest
                0x00800117        0x1 lib\mega2.X.a(csma.o)
 .bss.gu8ReceiverBuffer
                0x00800118       0x13 lib\mega2.X.a(csma.o)
 .bss.gu8ReceivByteCounter
                0x0080012b        0x1 lib\mega2.X.a(csma.o)
 .bss.gpFunOnFrameState
                0x0080012c        0x2 lib\mega2.X.a(csma.o)
 .bss.gu8TransmittAckBuffer
                0x0080012e        0x9 lib\mega2.X.a(csma.o)
 .bss.gu8TransmissionBuffer
                0x00800137       0x13 lib\mega2.X.a(csma.o)
 .bss.guTLastGetAssignAddressCode
                0x0080014a        0x4 lib\mega2.X.a(csma.o)
 .bss.gu8StationAddress
                0x0080014e        0x1 lib\mega2.X.a(csma.o)
 .bss.gu8NumberOfTry
                0x0080014f        0x1 lib\mega2.X.a(csma.o)
 .bss.gu8NewTransmitState
                0x00800150        0x1 lib\mega2.X.a(csma.o)
 .bss.gu8CW     0x00800151        0x1 lib\mega2.X.a(csma.o)
 .bss.gu8CoillisonCounter
                0x00800152        0x1 lib\mega2.X.a(csma.o)
 .bss.gu8MaxTransmitByte
                0x00800153        0x1 lib\mega2.X.a(csma.o)
 .bss.gu8TransmitByteCounter
                0x00800154        0x1 lib\mega2.X.a(csma.o)
 .bss.gu8ManagmentSystemState
                0x00800155        0x1 lib\mega2.X.a(csma.o)
 .bss.gu8CurrentAssignmetAddress
                0x00800156        0x1 lib\mega2.X.a(csma.o)
 .bss.gpFunDataRequest
                0x00800157        0x2 lib\mega2.X.a(csma.o)
 .bss.gpFunResponseFrame
                0x00800159        0x2 lib\mega2.X.a(csma.o)
 .bss.gu8UserSendState
                0x0080015b        0x1 lib\mega2.X.a(csma.o)
 .bss.gu8UserReceiverState
                0x0080015c        0x1 lib\mega2.X.a(csma.o)
 .bss.gu8CsmaUserData
                0x0080015d        0xa lib\mega2.X.a(csma.o)
 .bss.gu8len    0x00800167        0x1 lib\mega2.X.a(csma.o)
 .bss.gu8OtherDeviceSA
                0x00800168        0x1 lib\mega2.X.a(csma.o)
 .bss.gu8OtherDeviceDA
                0x00800169        0x1 lib\mega2.X.a(csma.o)
 .bss.gu8eeprom_read_buf
                0x0080016a        0xa lib\mega2.X.a(eeprom.o)
 .bss.gu8halfSecondEvent
                0x00800174        0x1 lib\mega2.X.a(system.o)
 .bss.gu8SecondEventFlag
                0x00800175        0x1 lib\mega2.X.a(system.o)
 .bss.gu16SecondEvent
                0x00800176        0x2 lib\mega2.X.a(system.o)
 .bss.gu8NumberOFusPerMs
                0x00800178        0x1 lib\mega2.X.a(system.o)
 .bss.gu32SystemTime
                0x00800179        0x4 lib\mega2.X.a(system.o)
 .bss.gu32TimeMs
                0x0080017d        0x4 lib\mega2.X.a(system.o)
 .bss.gu32SystemTick
                0x00800181        0x4 lib\mega2.X.a(system.o)
 .bss.gstTones  0x00800185       0x2c lib\mega2.X.a(tone.o)
 *(COMMON)
 COMMON         0x008001b1        0xc lib\mega2.X.a(eeprom.o)
                0x008001b1                gpu8data
                0x008001b3                gu16address
                0x008001b5                gu8RW
                0x008001b6                gu8size
                0x008001b7                gstEepromTimeOut
                0x008001bb                gu8DataIndex
                0x008001bc                gu8State
                0x008001bd                PROVIDE (__bss_end, .)
                0x00002316                __data_load_start = LOADADDR (.data)
                0x0000231a                __data_load_end = (__data_load_start + SIZEOF (.data))

.noinit         0x008001bd        0x0
                [!provide]                PROVIDE (__noinit_start, .)
 *(.noinit*)
                [!provide]                PROVIDE (__noinit_end, .)
                0x008001bd                _end = .
                [!provide]                PROVIDE (__heap_start, .)

.eeprom         0x00810000        0x0
 *(.eeprom*)
                0x00810000                __eeprom_end = .

.fuse
 *(.fuse)
 *(.lfuse)
 *(.hfuse)
 *(.efuse)

.lock
 *(.lock*)

.signature
 *(.signature*)

.user_signatures
 *(.user_signatures*)

.stab
 *(.stab)

.stabstr
 *(.stabstr)

.stab.excl
 *(.stab.excl)

.stab.exclstr
 *(.stab.exclstr)

.stab.index
 *(.stab.index)

.stab.indexstr
 *(.stab.indexstr)

.comment        0x00000000       0x60
 *(.comment)
 .comment       0x00000000       0x30 build/ATmega16A/production/src/app.o
                                 0x31 (size before relaxing)
 .comment       0x00000030       0x31 build/ATmega16A/production/src/userSystem.o
 .comment       0x00000030       0x31 build/ATmega16A/production/src/configuration.o
 .comment       0x00000030       0x31 build/ATmega16A/production/src/network.o
 .comment       0x00000030       0x31 build/ATmega16A/production/src/DisplayQueue.o
 .comment       0x00000030       0x31 build/ATmega16A/production/src/Requests.o
 .comment       0x00000030       0x31 build/ATmega16A/production/src/PowerOn.o
 .comment       0x00000030       0x31 build/ATmega16A/production/src/userSystem2.o
 .comment       0x00000030       0x30 lib\mega2.X.a(csma.o)
                                 0x31 (size before relaxing)
 .comment       0x00000060       0x31 lib\mega2.X.a(eeprom.o)
 .comment       0x00000060       0x31 lib\mega2.X.a(system.o)
 .comment       0x00000060       0x31 lib\mega2.X.a(tone.o)
 .comment       0x00000060       0x31 lib\mega2.X.a(usart.o)
 .comment       0x00000060       0x31 lib\mega2.X.a(utility.o)
 .comment       0x00000060       0x31 lib\mega2.X.a(mega.o)
 .comment       0x00000060       0x31 f:/embbeded system/mplab/avr8-gnu-toolchain-win32_x86/bin/../lib/gcc/avr/5.4.0/../../../../avr/lib/avr5\libc.a(random.o)

.note.gnu.avr.deviceinfo
                0x00000000       0x3c
 .note.gnu.avr.deviceinfo
                0x00000000       0x3c C:/Program Files/Microchip/MPLABX/v6.05/packs/Microchip/ATmega_DFP/3.0.158/gcc/dev/atmega16a/avr5/crtatmega16a.o

.note.gnu.build-id
 *(.note.gnu.build-id)

.debug
 *(.debug)

.line
 *(.line)

.debug_srcinfo
 *(.debug_srcinfo)

.debug_sfnames
 *(.debug_sfnames)

.debug_aranges
 *(.debug_aranges)

.debug_pubnames
 *(.debug_pubnames)

.debug_info     0x00000000      0x52e
 *(.debug_info .gnu.linkonce.wi.*)
 .debug_info    0x00000000      0x52e C:/Program Files/Microchip/MPLABX/v6.05/packs/Microchip/ATmega_DFP/3.0.158/gcc/dev/atmega16a/avr5/crtatmega16a.o

.debug_abbrev   0x00000000      0x4e7
 *(.debug_abbrev)
 .debug_abbrev  0x00000000      0x4e7 C:/Program Files/Microchip/MPLABX/v6.05/packs/Microchip/ATmega_DFP/3.0.158/gcc/dev/atmega16a/avr5/crtatmega16a.o

.debug_line     0x00000000      0x115
 *(.debug_line .debug_line.* .debug_line_end)
 .debug_line    0x00000000      0x115 C:/Program Files/Microchip/MPLABX/v6.05/packs/Microchip/ATmega_DFP/3.0.158/gcc/dev/atmega16a/avr5/crtatmega16a.o

.debug_frame
 *(.debug_frame)

.debug_str      0x00000000      0x1af
 *(.debug_str)
 .debug_str     0x00000000      0x1af C:/Program Files/Microchip/MPLABX/v6.05/packs/Microchip/ATmega_DFP/3.0.158/gcc/dev/atmega16a/avr5/crtatmega16a.o

.debug_loc
 *(.debug_loc)

.debug_macinfo
 *(.debug_macinfo)

.debug_weaknames
 *(.debug_weaknames)

.debug_funcnames
 *(.debug_funcnames)

.debug_typenames
 *(.debug_typenames)

.debug_varnames
 *(.debug_varnames)

.debug_pubtypes
 *(.debug_pubtypes)

.debug_ranges
 *(.debug_ranges)

.debug_macro
 *(.debug_macro)
OUTPUT(dist/ATmega16A/production/NurseRoom.X.production.elf elf32-avr)
LOAD linker stubs
